---
source: sudo-compliance-tests/src/flag_login.rs
expression: output.stderr()
---
sudo: unable to execute /tmp/my-shell: Permission denied
