---
source: sudo-compliance-tests/src/flag_group.rs
expression: output.stderr()
---
sudo: unknown group: #1234
