---
source: sudo-compliance-tests/src/sudoers/cmnd.rs
expression: output.stderr()
---
Sorry, user root is not allowed to execute '/bin/true' as root on [host].
