---
source: sudo-compliance-tests/src/flag_shell.rs
expression: output.stderr()
---
sudo: /root/my-shell: command not found
