---
source: sudo-compliance-tests/src/sudoers/host_list.rs
expression: output.stderr()
---
root is not allowed to run sudo on container.  This incident will be reported.
