---
source: sudo-compliance-tests/src/cli.rs
expression: output.stderr()
---
sudo: -u: command not found
