---
source: sudo-compliance-tests/src/sudoers/secure_path.rs
expression: output.stderr()
---
sudo: true: command not found
