---
source: sudo-compliance-tests/src/sudoers/run_as.rs
expression: output.stderr()
---
Sorry, user ferris is not allowed to execute '/bin/true' as ferris:ghosts on [host].
