---
source: sudo-compliance-tests/src/sudoers/user_list.rs
expression: output.stderr()
---
ferris is not in the sudoers file.  This incident will be reported.
